// Jest Snapshot v1, https://goo.gl/fbAQLP

exports[`MessageList.vue has the expected html structure 1`] = `
<ul>
  <li>
    
    Mark
  
  </li>
  <li>
    
    Dora
  
  </li>
</ul>
`;
